// Vitest Snapshot v1, https://vitest.dev/guide/snapshot.html

exports[`attachSpy > throws if the method name is not a function on the object 1`] = `[TypeError: method is not a function]`;

exports[`attachSpy > throws if the spy is not a function 1`] = `[TypeError: spy must be a function (was "string")]`;

exports[`attachSpy throws if the method name is not a function on the object 1`] = `"method is not a function"`;

exports[`attachSpy throws if the spy is not a function 1`] = `"spy must be a function (was "string")"`;
